---
source: tests/workflows/tests/swift/registry_contract.rs
expression: json
---
{
  "success": true,
  "registry_url": "[registry]/api/swift-registry",
  "scope": "lpmdev",
  "https": false,
  "signing_certificate_installed": true,
  "signing_trust_configured": true,
  "signing_certificate_outcome": "installed",
  "signing_trust_outcome": "configured",
  "trust_anchor": "insecure_http",
  "authentication_outcome": "skipped_http",
  "signer_trust_policy": "silentAllow"
}
