---
source: tests/workflows/tests/audit.rs
assertion_line: 2194
expression: envelope
---
{
  "success": true,
  "manager": "lpm",
  "degraded": false,
  "osv_degraded": false,
  "osv_degraded_reason": null,
  "scanned": 1,
  "checked_lpm": 0,
  "packages_with_issues": 1,
  "total_issues": 1,
  "osv_vulnerabilities": 1,
  "counts": {
    "critical": 0,
    "high": 1,
    "moderate": 0,
    "low": 0,
    "info": 1
  },
  "packages": [
    {
      "name": "snap-pkg",
      "version": "1.0.0",
      "instance_id": "[INSTANCE_ID]",
      "path": "[PACKAGE_PATH]",
      "quality_score": null,
      "issues": [
        {
          "severity": "info",
          "category": "supply-chain",
          "message": "trivial package",
          "source": "local"
        }
      ]
    }
  ],
  "vulnerabilities": [
    {
      "package": "snap-pkg",
      "version": "1.0.0",
      "id": "GHSA-snap-1234",
      "summary": "Snapshot fixture vuln",
      "severity": "HIGH"
    }
  ]
}
