---
source: tests/workflows/tests/audit.rs
assertion_line: 242
expression: envelope
---
{
  "success": true,
  "manager": "lpm",
  "degraded": false,
  "osv_degraded": false,
  "osv_degraded_reason": null,
  "scanned": 1,
  "checked_lpm": 0,
  "packages_with_issues": 0,
  "total_issues": 0,
  "osv_vulnerabilities": 1,
  "counts": {
    "critical": 0,
    "high": 1,
    "moderate": 0,
    "low": 0,
    "info": 0
  },
  "packages": [],
  "vulnerabilities": [
    {
      "package": "snap-pkg",
      "version": "1.0.0",
      "id": "GHSA-snap-1234",
      "summary": "Snapshot fixture vuln",
      "severity": "HIGH"
    }
  ]
}
