---
source: tests/workflows/tests/cert.rs
assertion_line: 68
expression: envelope
---
{
  "success": true,
  "ca": {
    "exists": false,
    "trusted": false,
    "expires": null,
    "subject": null,
    "days_until_expiry": null
  },
  "project": {
    "exists": false,
    "expires": null,
    "hostnames": [],
    "needs_renewal": false
  },
  "permission_drifts": []
}
