---
source: tests/workflows/tests/install.rs
assertion_line: 500
expression: lockfile
---
[metadata]
lockfile-version = 1
resolved-with = "greedy-fusion"

[[packages]]
name = "ms"
version = "2.1.3"
source = "registry+https://lpm.dev"
integrity = "sha512-4c9OuVVRh1MEsk0jMhdlMNhIwZz8JhhYdexF9ZykC7Kc9tBdTaWXbdn97HeKSjbydmhodaZJ7VfimZ1FrsTnPA=="
tarball = "[REGISTRY]/tarballs/ms-2.1.3.tgz"
