---
source: tests/workflows/tests/install.rs
expression: lockfile
---
[metadata]
lockfile-version = 10
resolved-with = "greedy-fusion"

[importers."."]
auto-install-peers = true

[importers.".".dependencies]
ms = "^2.1.3"

[[packages]]
name = "ms"
version = "2.1.3"
source = "registry+https://registry.npmjs.org"
integrity = "sha512-4c9OuVVRh1MEsk0jMhdlMNhIwZz8JhhYdexF9ZykC7Kc9tBdTaWXbdn97HeKSjbydmhodaZJ7VfimZ1FrsTnPA=="
registry-published-at = "2025-01-01T00:00:00.000Z"
tarball = "[REGISTRY]/tarballs/ms/-/ms-2.1.3.tgz"

[root-resolutions.ms]
package = "ms"
version = "2.1.3"
source = "registry+https://registry.npmjs.org"
