---
source: tests/workflows/tests/install.rs
expression: envelope
---
{
  "schema_version": 2,
  "success": true,
  "packages": [
    {
      "name": "ms",
      "version": "2.1.3",
      "source": "registry+https://lpm.dev",
      "direct": true
    }
  ],
  "count": 1,
  "downloaded": 1,
  "cached": 0,
  "linked": 1,
  "symlinked": 1,
  "used_lockfile": false,
  "duration_ms": "[DURATION]",
  "security": {
    "firewall": {
      "enabled": false,
      "mode": "off",
      "lookup_mode": "package_only",
      "checked_count": 0,
      "batch_ms": 0,
      "chunk_count": 0,
      "chunk_sum_ms": 0,
      "chunk_max_ms": 0,
      "allow_count": 0,
      "warn_count": 0,
      "block_count": 0,
      "unknown_count": 0,
      "matched_count": 0,
      "rpc_failed": false,
      "offline_skipped": false
    },
    "policy_extensions": {
      "enabled": false,
      "configured_count": 0,
      "ran_count": 0,
      "candidate_count": 0,
      "duration_ms": 0,
      "allow_count": 0,
      "warn_count": 0,
      "block_count": 0,
      "error_count": 0,
      "extensions": []
    }
  },
  "warnings": [],
  "errors": [],
  "peer_conflicts": [],
  "peer_issues": {
    "missing": [],
    "bad": [],
    "conflicts": [],
    "intersections": [],
    "missing_count": 0,
    "bad_count": 0,
    "conflicts_count": 0,
    "intersections_count": 0,
    "total_count": 0
  },
  "overrides_count": 0,
  "overrides_fingerprint": null,
  "applied_patches": [],
  "patches_count": 0,
  "patches_fingerprint": null,
  "blocked_count": 0,
  "blocked_set_changed": false,
  "blocked_set_fingerprint": null,
  "blocked_packages": []
}
