---
source: tests/workflows/tests/install.rs
assertion_line: 1545
expression: lockfile
---
[metadata]
lockfile-version = 4
resolved-with = "greedy-fusion"

[[packages]]
name = "ms"
version = "2.1.3"
source = "registry+https://lpm.dev"
integrity = "sha512-4c9OuVVRh1MEsk0jMhdlMNhIwZz8JhhYdexF9ZykC7Kc9tBdTaWXbdn97HeKSjbydmhodaZJ7VfimZ1FrsTnPA=="
registry-published-at = "2025-01-01T00:00:00.000Z"
tarball = "[REGISTRY]/tarballs/ms/-/ms-2.1.3.tgz"
