---
source: tests/workflows/tests/install.rs
assertion_line: 630
expression: envelope
---
{
  "schema_version": 1,
  "success": true,
  "packages": [
    {
      "name": "ms",
      "version": "2.1.3",
      "source": "registry+https://lpm.dev",
      "direct": true
    }
  ],
  "count": 1,
  "downloaded": 1,
  "cached": 0,
  "linked": 1,
  "symlinked": 2,
  "used_lockfile": false,
  "duration_ms": "[DURATION]",
  "timing": "[TIMING]",
  "warnings": [],
  "errors": [],
  "peer_conflicts": [],
  "peer_issues": {
    "missing": [],
    "bad": [],
    "conflicts": [],
    "intersections": [],
    "missing_count": 0,
    "bad_count": 0,
    "conflicts_count": 0,
    "intersections_count": 0,
    "total_count": 0
  },
  "overrides_count": 0,
  "overrides_fingerprint": null,
  "applied_patches": [],
  "patches_count": 0,
  "patches_fingerprint": null,
  "blocked_count": 0,
  "blocked_set_changed": false,
  "blocked_set_fingerprint": null,
  "blocked_packages": []
}
