---
source: tests/workflows/tests/install.rs
expression: "&envelope[\"audit_summary\"]"
---
{
  "packages_audited": 1,
  "vulnerabilities": 2,
  "suspicious": 0,
  "severity_counts": {
    "critical": 3,
    "high": 0,
    "moderate": 0,
    "low": 0,
    "info": 1
  },
  "critical_findings": [
    {
      "package": "@lpm.dev/test.audit-critical-parity",
      "version": "1.0.0",
      "message": "critical registry analysis finding",
      "category": "security",
      "source": "registry"
    },
    {
      "package": "@lpm.dev/test.audit-critical-parity",
      "version": "1.0.0",
      "message": "LPM-ADV-CRITICAL-A — first critical advisory",
      "category": "vulnerability",
      "source": "registry"
    },
    {
      "package": "@lpm.dev/test.audit-critical-parity",
      "version": "1.0.0",
      "message": "LPM-ADV-CRITICAL-B — second critical advisory",
      "category": "vulnerability",
      "source": "registry"
    }
  ],
  "elapsed_ms": "[DURATION]"
}
