---
source: tests/workflows/tests/plugin.rs
expression: envelope
---
{
  "success": true,
  "plugins": [
    {
      "name": "biome",
      "kind": "plugin",
      "installed": [],
      "current": "2.5.9",
      "latest": "2.5.10",
      "status": "update available",
      "outdated": true,
      "update_supported": true,
      "error": null
    },
    {
      "name": "oxlint",
      "kind": "plugin",
      "installed": [],
      "current": "1.79.0",
      "latest": "1.79.1",
      "status": "update available",
      "outdated": true,
      "update_supported": true,
      "error": null
    },
    {
      "name": "rolldown",
      "kind": "plugin",
      "installed": [],
      "current": "1.2.4",
      "latest": "1.2.5",
      "status": "update available",
      "outdated": true,
      "update_supported": true,
      "error": null
    }
  ],
  "project_owned": [
    {
      "name": "tsdown",
      "kind": "project",
      "update_supported": false,
      "note": "project dependency; use lpm outdated or lpm upgrade"
    }
  ],
  "outdated_count": 3,
  "count": 3
}
