---
source: tests/workflows/tests/pnpm_compat_catalog.rs
assertion_line: 1116
expression: envelope
---
{
  "success": true,
  "count": 1,
  "entries": [
    {
      "catalog": "default",
      "package": "is-positive",
      "specifier": "^2.0.0",
      "version": "2.0.0",
      "reference": "catalog:"
    }
  ]
}
