---
source: tests/workflows/tests/skills.rs
expression: view
---
{
  "success": true,
  "kind": "managed",
  "name": "release-notes",
  "description": "A useful release-notes skill for workflow testing",
  "source": {
    "kind": "local",
    "path": "[project]/team-skills",
    "digest": "04a4499912b76d5e76efa5a01a17a5f533330fc275ceab7dd24a4b44550e79a3"
  },
  "scope": "project",
  "context_tokens": 38,
  "security_findings": [],
  "targets": [
    {
      "agent": "codex",
      "path": "[project]/.agents/skills/release-notes",
      "enabled": true,
      "canonical_exists": true,
      "target_exists": true,
      "healthy": true,
      "status": "healthy"
    }
  ]
}
