---
source: tests/workflows/tests/workspace_install.rs
expression: envelope
---
{
  "schema_version": 2,
  "success": true,
  "recursive": true,
  "workspace_root": "<workspace>",
  "duration_ms": "<duration>",
  "targets": [
    {
      "name": "@fixture/core",
      "path": "<workspace>/packages/core",
      "kind": "member",
      "status": "success",
      "duration_ms": "<duration>",
      "no_dependencies": true,
      "counts": {
        "scope": "target",
        "resolved_package_row_count": 0,
        "authoritative_fetch_candidate_count": 0,
        "store_reuse_observation_count": 0,
        "store_reuse_may_include_same_command_population": true,
        "linker_entry_created_count": 0,
        "linker_entry_reused_count": 0,
        "project_root_symlink_created_count": 0,
        "bin_link_created_count": 0
      },
      "security": {
        "policy_extensions": {
          "enabled": false,
          "configured_count": 0,
          "ran_count": 0,
          "candidate_count": 0,
          "duration_ms": 0,
          "allow_count": 0,
          "warn_count": 0,
          "block_count": 0,
          "error_count": 0,
          "extensions": []
        }
      }
    },
    {
      "name": "@fixture/unrelated",
      "path": "<workspace>/packages/unrelated",
      "kind": "member",
      "status": "success",
      "duration_ms": "<duration>",
      "no_dependencies": true,
      "counts": {
        "scope": "target",
        "resolved_package_row_count": 0,
        "authoritative_fetch_candidate_count": 0,
        "store_reuse_observation_count": 0,
        "store_reuse_may_include_same_command_population": true,
        "linker_entry_created_count": 0,
        "linker_entry_reused_count": 0,
        "project_root_symlink_created_count": 0,
        "bin_link_created_count": 0
      },
      "security": {
        "policy_extensions": {
          "enabled": false,
          "configured_count": 0,
          "ran_count": 0,
          "candidate_count": 0,
          "duration_ms": 0,
          "allow_count": 0,
          "warn_count": 0,
          "block_count": 0,
          "error_count": 0,
          "extensions": []
        }
      }
    },
    {
      "name": "@fixture/web",
      "path": "<workspace>/packages/web",
      "kind": "member",
      "status": "success",
      "duration_ms": "<duration>",
      "count": 1,
      "downloaded": 0,
      "cached": 1,
      "linked": 1,
      "symlinked": 1,
      "counts": {
        "scope": "target",
        "resolved_package_row_count": 1,
        "authoritative_fetch_candidate_count": 0,
        "store_reuse_observation_count": 1,
        "store_reuse_may_include_same_command_population": true,
        "linker_entry_created_count": 1,
        "linker_entry_reused_count": 0,
        "project_root_symlink_created_count": 1,
        "bin_link_created_count": 0
      },
      "used_lockfile": false,
      "security": {
        "firewall": {
          "enabled": false,
          "mode": "off",
          "lookup_mode": "package_only",
          "checked_count": 0,
          "batch_ms": 0,
          "chunk_count": 0,
          "chunk_sum_ms": 0,
          "chunk_max_ms": 0,
          "allow_count": 0,
          "warn_count": 0,
          "block_count": 0,
          "unknown_count": 0,
          "matched_count": 0,
          "rpc_failed": false,
          "offline_skipped": false
        },
        "policy_extensions": {
          "enabled": false,
          "configured_count": 0,
          "ran_count": 0,
          "candidate_count": 0,
          "duration_ms": 0,
          "allow_count": 0,
          "warn_count": 0,
          "block_count": 0,
          "error_count": 0,
          "extensions": []
        }
      }
    },
    {
      "name": "workspace-root",
      "path": "<workspace>",
      "kind": "root",
      "status": "success",
      "duration_ms": "<duration>",
      "no_dependencies": true,
      "counts": {
        "scope": "target",
        "resolved_package_row_count": 0,
        "authoritative_fetch_candidate_count": 0,
        "store_reuse_observation_count": 0,
        "store_reuse_may_include_same_command_population": true,
        "linker_entry_created_count": 0,
        "linker_entry_reused_count": 0,
        "project_root_symlink_created_count": 0,
        "bin_link_created_count": 0
      },
      "security": {
        "policy_extensions": {
          "enabled": false,
          "configured_count": 0,
          "ran_count": 0,
          "candidate_count": 0,
          "duration_ms": 0,
          "allow_count": 0,
          "warn_count": 0,
          "block_count": 0,
          "error_count": 0,
          "extensions": []
        }
      }
    }
  ],
  "summary": {
    "total": 4,
    "succeeded": 4,
    "failed": 0
  },
  "count": 1,
  "downloaded": 0,
  "cached": 1,
  "linked": 1,
  "counts": {
    "scope": "recursive_command",
    "aggregation": "sum_of_target_observations",
    "work_is_cumulative": true,
    "resolved_package_row_count": 1,
    "authoritative_fetch_candidate_count": 0,
    "store_reuse_observation_count": 1,
    "store_reuse_may_include_same_command_population": true,
    "linker_entry_created_count": 1,
    "linker_entry_reused_count": 0,
    "project_root_symlink_created_count": 1,
    "bin_link_created_count": 0
  }
}
